09:59:32.046 [INFO]   [Preparing]   Diffblue Cover 2025.09.02-db13a15-licensed
09:59:32.047 [INFO]   [Preparing]   Running: dcover create --coverage-reports
09:59:32.047 [INFO]   [Preparing]   
09:59:32.048 [INFO]   [Preparing]   Command: create
09:59:32.049 [INFO]   [Preparing]   Create tests for the specified package/class/method.
09:59:32.049 [INFO]   [Preparing]   
09:59:36.777 [INFO]   [Checking]    Maven Using ${maven.home} of: /usr/share/maven.
09:59:36.781 [INFO]   [Checking]    Maven Executing: /bin/sh -c cd /home/ubuntu/IdeaProjects/finmath-lib/finmath-lib && /usr/share/maven/bin/mvn -B -version
09:59:37.139 [INFO]   [Checking]    Standard output of build tool (Maven)
09:59:37.140 [INFO]   [Checking]    > Apache Maven 3.8.7
09:59:37.140 [INFO]   [Checking]    > Maven home: /usr/share/maven
09:59:37.140 [INFO]   [Checking]    > Java version: 17.0.16, vendor: Microsoft, runtime: /home/ubuntu/.jdks/ms-17.0.16
09:59:37.140 [INFO]   [Checking]    > Default locale: en, platform encoding: UTF-8
09:59:37.140 [INFO]   [Checking]    > OS name: "linux", version: "6.14.0-1012-aws", arch: "amd64", family: "unix"
09:59:37.386 [INFO]   [Checking]    Using default build rules as no custom rules found in any of [/home/ubuntu/IdeaProjects/finmath-lib/finmath-lib]
09:59:37.396 [INFO]   [Checking]    Attempting to invoke mvnw in working directory: /home/ubuntu/IdeaProjects/finmath-lib/finmath-lib
09:59:37.397 [INFO]   [Checking]    Attempting to invoke /usr/bin/mvn in working directory: /home/ubuntu/IdeaProjects/finmath-lib/finmath-lib
09:59:37.399 [INFO]   [Checking]    Started "/usr/bin/mvn -Dmaven.ext.class.path=/home/ubuntu/bin/cover-buildsystem-maven-spy-jar-with-dependencies.jar -Dcom.diffblue.cover.skipTests=true -DskipTestOptimizer --batch-mode --global-settings=/usr/share/maven/conf/settings.xml dependency:build-classpath"
09:59:38.410 [INFO]   [Checking]    out: [INFO] Scanning for projects...
09:59:38.815 [INFO]   [Checking]    out: [INFO] 
09:59:38.816 [INFO]   [Checking]    out: [INFO] ----------------------< net.finmath:finmath-lib >-----------------------
09:59:38.816 [INFO]   [Checking]    out: [INFO] Building finmath lib 6.0.21-SNAPSHOT
09:59:38.816 [INFO]   [Checking]    out: [INFO] --------------------------------[ jar ]---------------------------------
09:59:39.205 [INFO]   [Checking]    deserializing line [DIFFBLUE]{"__type":"com.diffblue.cover.buildsystem.model.DefaultEventMessage","project":"net.finmath:finmath-lib","goal":"build-classpath","cause":null,"state":"STARTED"}
09:59:39.297 [INFO]   [Checking]    out: [INFO] 
09:59:39.297 [INFO]   [Checking]    out: [INFO] --- maven-dependency-plugin:2.8:build-classpath (default-cli) @ finmath-lib ---
09:59:39.652 [INFO]   [Checking]    out: [INFO] Dependencies classpath:
09:59:39.653 [INFO]   [Checking]    out: /home/ubuntu/.m2/repository/org/apache/commons/commons-math3/3.6.1/commons-math3-3.6.1.jar:/home/ubuntu/.m2/repository/org/apache/commons/commons-lang3/3.10/commons-lang3-3.10.jar:/home/ubuntu/.m2/repository/com/diffblue/cover/cover-annotations/1.6.0/cover-annotations-1.6.0.jar:/home/ubuntu/.m2/repository/org/jblas/jblas/1.2.4/jblas-1.2.4.jar:/home/ubuntu/.m2/repository/org/junit/jupiter/junit-jupiter-api/5.12.2/junit-jupiter-api-5.12.2.jar:/home/ubuntu/.m2/repository/org/opentest4j/opentest4j/1.3.0/opentest4j-1.3.0.jar:/home/ubuntu/.m2/repository/org/junit/platform/junit-platform-commons/1.12.2/junit-platform-commons-1.12.2.jar:/home/ubuntu/.m2/repository/org/apiguardian/apiguardian-api/1.1.2/apiguardian-api-1.1.2.jar:/home/ubuntu/.m2/repository/org/junit/jupiter/junit-jupiter-engine/5.12.2/junit-jupiter-engine-5.12.2.jar:/home/ubuntu/.m2/repository/org/junit/platform/junit-platform-engine/1.12.2/junit-platform-engine-1.12.2.jar:/home/ubuntu/.m2/repository/org/junit/platform/junit-platform-launcher/1.12.2/junit-platform-launcher-1.12.2.jar:/home/ubuntu/.m2/repository/org/junit/vintage/junit-vintage-engine/5.12.2/junit-vintage-engine-5.12.2.jar:/home/ubuntu/.m2/repository/junit/junit/4.13.2/junit-4.13.2.jar:/home/ubuntu/.m2/repository/org/hamcrest/hamcrest-core/1.3/hamcrest-core-1.3.jar:/home/ubuntu/.m2/repository/org/mockito/mockito-junit-jupiter/5.17.0/mockito-junit-jupiter-5.17.0.jar:/home/ubuntu/.m2/repository/org/mockito/mockito-core/5.17.0/mockito-core-5.17.0.jar:/home/ubuntu/.m2/repository/net/bytebuddy/byte-buddy/1.15.11/byte-buddy-1.15.11.jar:/home/ubuntu/.m2/repository/net/bytebuddy/byte-buddy-agent/1.15.11/byte-buddy-agent-1.15.11.jar:/home/ubuntu/.m2/repository/org/objenesis/objenesis/3.3/objenesis-3.3.jar:/home/ubuntu/.m2/repository/org/jacoco/jacoco-maven-plugin/0.8.7/jacoco-maven-plugin-0.8.7.jar:/home/ubuntu/.m2/repository/org/apache/maven/maven-plugin-api/3.0/maven-plugin-api-3.0.jar:/home/ubuntu/.m2/repository/org/apache/maven/maven-model/3.0/maven-model-3.0.jar:/home/ubuntu/.m2/repository/org/apache/maven/maven-artifact/3.0/maven-artifact-3.0.jar:/home/ubuntu/.m2/repository/org/sonatype/sisu/sisu-inject-plexus/1.4.2/sisu-inject-plexus-1.4.2.jar:/home/ubuntu/.m2/repository/org/sonatype/sisu/sisu-inject-bean/1.4.2/sisu-inject-bean-1.4.2.jar:/home/ubuntu/.m2/repository/org/sonatype/sisu/sisu-guice/2.1.7/sisu-guice-2.1.7-noaop.jar:/home/ubuntu/.m2/repository/org/apache/maven/maven-core/3.0/maven-core-3.0.jar:/home/ubuntu/.m2/repository/org/apache/maven/maven-settings/3.0/maven-settings-3.0.jar:/home/ubuntu/.m2/repository/org/apache/maven/maven-settings-builder/3.0/maven-settings-builder-3.0.jar:/home/ubuntu/.m2/repository/org/apache/maven/maven-repository-metadata/3.0/maven-repository-metadata-3.0.jar:/home/ubuntu/.m2/repository/org/apache/maven/maven-model-builder/3.0/maven-model-builder-3.0.jar:/home/ubuntu/.m2/repository/org/apache/maven/maven-aether-provider/3.0/maven-aether-provider-3.0.jar:/home/ubuntu/.m2/repository/org/sonatype/aether/aether-impl/1.7/aether-impl-1.7.jar:/home/ubuntu/.m2/repository/org/sonatype/aether/aether-spi/1.7/aether-spi-1.7.jar:/home/ubuntu/.m2/repository/org/sonatype/aether/aether-api/1.7/aether-api-1.7.jar:/home/ubuntu/.m2/repository/org/sonatype/aether/aether-util/1.7/aether-util-1.7.jar:/home/ubuntu/.m2/repository/org/codehaus/plexus/plexus-interpolation/1.14/plexus-interpolation-1.14.jar:/home/ubuntu/.m2/repository/org/codehaus/plexus/plexus-classworlds/2.2.3/plexus-classworlds-2.2.3.jar:/home/ubuntu/.m2/repository/org/codehaus/plexus/plexus-component-annotations/1.5.5/plexus-component-annotations-1.5.5.jar:/home/ubuntu/.m2/repository/org/sonatype/plexus/plexus-sec-dispatcher/1.3/plexus-sec-dispatcher-1.3.jar:/home/ubuntu/.m2/repository/org/sonatype/plexus/plexus-cipher/1.4/plexus-cipher-1.4.jar:/home/ubuntu/.m2/repository/org/codehaus/plexus/plexus-utils/3.0.22/plexus-utils-3.0.22.jar:/home/ubuntu/.m2/repository/org/apache/maven/shared/file-management/1.2.1/file-management-1.2.1.jar:/home/ubuntu/.m2/repository/org/apache/maven/shared/maven-shared-io/1.1/maven-shared-io-1.1.jar:/home/ubuntu/.m2/repository/org/apache/maven/maven-artifact-manager/2.0.2/maven-artifact-manager-2.0.2.jar:/home/ubuntu/.m2/repository/org/apache/maven/wagon/wagon-provider-api/1.0-alpha-6/wagon-provider-api-1.0-alpha-6.jar:/home/ubuntu/.m2/repository/org/codehaus/plexus/plexus-container-default/1.0-alpha-9/plexus-container-default-1.0-alpha-9.jar:/home/ubuntu/.m2/repository/classworlds/classworlds/1.1-alpha-2/classworlds-1.1-alpha-2.jar:/home/ubuntu/.m2/repository/org/apache/maven/reporting/maven-reporting-api/3.0/maven-reporting-api-3.0.jar:/home/ubuntu/.m2/repository/org/apache/maven/doxia/doxia-sink-api/1.0/doxia-sink-api-1.0.jar:/home/ubuntu/.m2/repository/org/jacoco/org.jacoco.agent/0.8.7/org.jacoco.agent-0.8.7-runtime.jar:/home/ubuntu/.m2/repository/org/jacoco/org.jacoco.core/0.8.7/org.jacoco.core-0.8.7.jar:/home/ubuntu/.m2/repository/org/ow2/asm/asm/9.1/asm-9.1.jar:/home/ubuntu/.m2/repository/org/ow2/asm/asm-commons/9.1/asm-commons-9.1.jar:/home/ubuntu/.m2/repository/org/ow2/asm/asm-analysis/9.1/asm-analysis-9.1.jar:/home/ubuntu/.m2/repository/org/ow2/asm/asm-tree/9.1/asm-tree-9.1.jar:/home/ubuntu/.m2/repository/org/jacoco/org.jacoco.report/0.8.7/org.jacoco.report-0.8.7.jar
09:59:39.654 [INFO]   [Checking]    deserializing line [DIFFBLUE]{"__type":"com.diffblue.cover.buildsystem.model.DefaultEventMessage","project":"net.finmath:finmath-lib","goal":"build-classpath","cause":null,"state":"SUCCESS"}
09:59:39.706 [INFO]   [Checking]    deserializing line [DIFFBLUE]{"__type":"com.diffblue.cover.buildsystem.model.DefaultProjectModuleMessage","project":{"__type":"DefaultProjectModule","junitReport":["/home/ubuntu/IdeaProjects/finmath-lib/finmath-lib/target/surefire-reports"],"jacocoReport":["/home/ubuntu/IdeaProjects/finmath-lib/finmath-lib/target/site/jacoco/jacoco.xml"],"jacocoDestFile":["/home/ubuntu/IdeaProjects/finmath-lib/finmath-lib/target/jacoco.exec"],"jacocoFormats":["xml"],"jacocoSkipped":false,"classpath":["/home/ubuntu/IdeaProjects/finmath-lib/finmath-lib/target/classes","/home/ubuntu/.m2/repository/org/apache/commons/commons-math3/3.6.1/commons-math3-3.6.1.jar","/home/ubuntu/.m2/repository/org/apache/commons/commons-lang3/3.10/commons-lang3-3.10.jar","/home/ubuntu/.m2/repository/com/diffblue/cover/cover-annotations/1.6.0/cover-annotations-1.6.0.jar","/home/ubuntu/.m2/repository/org/jblas/jblas/1.2.4/jblas-1.2.4.jar","/home/ubuntu/.m2/repository/org/junit/jupiter/junit-jupiter-api/5.12.2/junit-jupiter-api-5.12.2.jar","/home/ubuntu/.m2/repository/org/opentest4j/opentest4j/1.3.0/opentest4j-1.3.0.jar","/home/ubuntu/.m2/repository/org/junit/platform/junit-platform-commons/1.12.2/junit-platform-commons-1.12.2.jar","/home/ubuntu/.m2/repository/org/apiguardian/apiguardian-api/1.1.2/apiguardian-api-1.1.2.jar","/home/ubuntu/.m2/repository/org/junit/jupiter/junit-jupiter-engine/5.12.2/junit-jupiter-engine-5.12.2.jar","/home/ubuntu/.m2/repository/org/junit/platform/junit-platform-engine/1.12.2/junit-platform-engine-1.12.2.jar","/home/ubuntu/.m2/repository/org/junit/platform/junit-platform-launcher/1.12.2/junit-platform-launcher-1.12.2.jar","/home/ubuntu/.m2/repository/org/junit/vintage/junit-vintage-engine/5.12.2/junit-vintage-engine-5.12.2.jar","/home/ubuntu/.m2/repository/junit/junit/4.13.2/junit-4.13.2.jar","/home/ubuntu/.m2/repository/org/hamcrest/hamcrest-core/1.3/hamcrest-core-1.3.jar","/home/ubuntu/.m2/repository/org/mockito/mockito-junit-jupiter/5.17.0/mockito-junit-jupiter-5.17.0.jar","/home/ubuntu/.m2/repository/org/mockito/mockito-core/5.17.0/mockito-core-5.17.0.jar","/home/ubuntu/.m2/repository/net/bytebuddy/byte-buddy/1.15.11/byte-buddy-1.15.11.jar","/home/ubuntu/.m2/repository/net/bytebuddy/byte-buddy-agent/1.15.11/byte-buddy-agent-1.15.11.jar","/home/ubuntu/.m2/repository/org/objenesis/objenesis/3.3/objenesis-3.3.jar","/home/ubuntu/.m2/repository/org/jacoco/jacoco-maven-plugin/0.8.7/jacoco-maven-plugin-0.8.7.jar","/home/ubuntu/.m2/repository/org/apache/maven/maven-plugin-api/3.0/maven-plugin-api-3.0.jar","/home/ubuntu/.m2/repository/org/apache/maven/maven-model/3.0/maven-model-3.0.jar","/home/ubuntu/.m2/repository/org/apache/maven/maven-artifact/3.0/maven-artifact-3.0.jar","/home/ubuntu/.m2/repository/org/sonatype/sisu/sisu-inject-plexus/1.4.2/sisu-inject-plexus-1.4.2.jar","/home/ubuntu/.m2/repository/org/sonatype/sisu/sisu-inject-bean/1.4.2/sisu-inject-bean-1.4.2.jar","/home/ubuntu/.m2/repository/org/sonatype/sisu/sisu-guice/2.1.7/sisu-guice-2.1.7-noaop.jar","/home/ubuntu/.m2/repository/org/apache/maven/maven-core/3.0/maven-core-3.0.jar","/home/ubuntu/.m2/repository/org/apache/maven/maven-settings/3.0/maven-settings-3.0.jar","/home/ubuntu/.m2/repository/org/apache/maven/maven-settings-builder/3.0/maven-settings-builder-3.0.jar","/home/ubuntu/.m2/repository/org/apache/maven/maven-repository-metadata/3.0/maven-repository-metadata-3.0.jar","/home/ubuntu/.m2/repository/org/apache/maven/maven-model-builder/3.0/maven-model-builder-3.0.jar","/home/ubuntu/.m2/repository/org/apache/maven/maven-aether-provider/3.0/maven-aether-provider-3.0.jar","/home/ubuntu/.m2/repository/org/sonatype/aether/aether-impl/1.7/aether-impl-1.7.jar","/home/ubuntu/.m2/repository/org/sonatype/aether/aether-spi/1.7/aether-spi-1.7.jar","/home/ubuntu/.m2/repository/org/sonatype/aether/aether-api/1.7/aether-api-1.7.jar","/home/ubuntu/.m2/repository/org/sonatype/aether/aether-util/1.7/aether-util-1.7.jar","/home/ubuntu/.m2/repository/org/codehaus/plexus/plexus-interpolation/1.14/plexus-interpolation-1.14.jar","/home/ubuntu/.m2/repository/org/codehaus/plexus/plexus-classworlds/2.2.3/plexus-classworlds-2.2.3.jar","/home/ubuntu/.m2/repository/org/codehaus/plexus/plexus-component-annotations/1.5.5/plexus-component-annotations-1.5.5.jar","/home/ubuntu/.m2/repository/org/sonatype/plexus/plexus-sec-dispatcher/1.3/plexus-sec-dispatcher-1.3.jar","/home/ubuntu/.m2/repository/org/sonatype/plexus/plexus-cipher/1.4/plexus-cipher-1.4.jar","/home/ubuntu/.m2/repository/org/codehaus/plexus/plexus-utils/3.0.22/plexus-utils-3.0.22.jar","/home/ubuntu/.m2/repository/org/apache/maven/shared/file-management/1.2.1/file-management-1.2.1.jar","/home/ubuntu/.m2/repository/org/apache/maven/shared/maven-shared-io/1.1/maven-shared-io-1.1.jar","/home/ubuntu/.m2/repository/org/apache/maven/maven-artifact-manager/2.0.2/maven-artifact-manager-2.0.2.jar","/home/ubuntu/.m2/repository/org/apache/maven/wagon/wagon-provider-api/1.0-alpha-6/wagon-provider-api-1.0-alpha-6.jar","/home/ubuntu/.m2/repository/org/codehaus/plexus/plexus-container-default/1.0-alpha-9/plexus-container-default-1.0-alpha-9.jar","/home/ubuntu/.m2/repository/classworlds/classworlds/1.1-alpha-2/classworlds-1.1-alpha-2.jar","/home/ubuntu/.m2/repository/org/apache/maven/reporting/maven-reporting-api/3.0/maven-reporting-api-3.0.jar","/home/ubuntu/.m2/repository/org/apache/maven/doxia/doxia-sink-api/1.0/doxia-sink-api-1.0.jar","/home/ubuntu/.m2/repository/org/jacoco/org.jacoco.agent/0.8.7/org.jacoco.agent-0.8.7-runtime.jar","/home/ubuntu/.m2/repository/org/jacoco/org.jacoco.core/0.8.7/org.jacoco.core-0.8.7.jar","/home/ubuntu/.m2/repository/org/ow2/asm/asm/9.1/asm-9.1.jar","/home/ubuntu/.m2/repository/org/ow2/asm/asm-commons/9.1/asm-commons-9.1.jar","/home/ubuntu/.m2/repository/org/ow2/asm/asm-analysis/9.1/asm-analysis-9.1.jar","/home/ubuntu/.m2/repository/org/ow2/asm/asm-tree/9.1/asm-tree-9.1.jar","/home/ubuntu/.m2/repository/org/jacoco/org.jacoco.report/0.8.7/org.jacoco.report-0.8.7.jar"],"complianceLevel":"11","productionSources":["/home/ubuntu/IdeaProjects/finmath-lib/finmath-lib/src/main/java"],"testSources":["/home/ubuntu/IdeaProjects/finmath-lib/finmath-lib/src/test/java"],"productionClasses":"/home/ubuntu/IdeaProjects/finmath-lib/finmath-lib/target/classes","testClasses":"/home/ubuntu/IdeaProjects/finmath-lib/finmath-lib/target/test-classes","sourceToBuildPathMap":null,"testSourceToBuildPathMap":null,"buildDirectory":"/home/ubuntu/IdeaProjects/finmath-lib/finmath-lib/target","plugins":[{"__type":"DefaultPlugin","groupId":"org.apache.maven.plugins","artefactId":"maven-enforcer-plugin","version":"1.0","pluginClassName":null},{"__type":"DefaultPlugin","groupId":"org.apache.maven.plugins","artefactId":"maven-compiler-plugin","version":"3.8.1","pluginClassName":null},{"__type":"DefaultPlugin","groupId":"org.apache.maven.plugins","artefactId":"maven-source-plugin","version":"3.2.1","pluginClassName":null},{"__type":"DefaultPlugin","groupId":"org.apache.maven.plugins","artefactId":"maven-javadoc-plugin","version":"3.3.2","pluginClassName":null},{"__type":"DefaultPlugin","groupId":"org.apache.maven.plugins","artefactId":"maven-surefire-plugin","version":"3.0.0-M7","pluginClassName":null},{"__type":"DefaultPlugin","groupId":"org.apache.maven.plugins","artefactId":"maven-checkstyle-plugin","version":"3.1.1","pluginClassName":null},{"__type":"DefaultPlugin","groupId":"org.apache.maven.plugins","artefactId":"maven-release-plugin","version":"2.5.3","pluginClassName":null},{"__type":"DefaultPlugin","groupId":"org.apache.maven.plugins","artefactId":"maven-site-plugin","version":"3.9.1","pluginClassName":null},{"__type":"DefaultPlugin","groupId":"org.apache.maven.plugins","artefactId":"maven-scm-publish-plugin","version":"3.1.0","pluginClassName":null},{"__type":"DefaultPlugin","groupId":"org.codehaus.mojo","artefactId":"buildnumber-maven-plugin","version":"1.4","pluginClassName":null},{"__type":"DefaultPlugin","groupId":"org.openclover","artefactId":"clover-maven-plugin","version":"4.4.1","pluginClassName":null},{"__type":"DefaultPlugin","groupId":"biz.aQute.bnd","artefactId":"bnd-maven-plugin","version":"5.3.0","pluginClassName":null},{"__type":"DefaultPlugin","groupId":"org.apache.maven.plugins","artefactId":"maven-jar-plugin","version":"3.2.0","pluginClassName":null},{"__type":"DefaultPlugin","groupId":"org.jacoco","artefactId":"jacoco-maven-plugin","version":"0.8.7","pluginClassName":null},{"__type":"DefaultPlugin","groupId":"org.apache.maven.plugins","artefactId":"maven-clean-plugin","version":"2.5","pluginClassName":null},{"__type":"DefaultPlugin","groupId":"org.apache.maven.plugins","artefactId":"maven-resources-plugin","version":"2.6","pluginClassName":null},{"__type":"DefaultPlugin","groupId":"org.apache.maven.plugins","artefactId":"maven-install-plugin","version":"2.4","pluginClassName":null},{"__type":"DefaultPlugin","groupId":"org.apache.maven.plugins","artefactId":"maven-deploy-plugin","version":"2.7","pluginClassName":null}],"version":"3.8.7","encoding":"UTF-8","name":"maven","subModules":[],"simpleModuleName":null,"parentModuleName":"org.sonatype.oss:oss-parent","location":"/home/ubuntu/IdeaProjects/finmath-lib/finmath-lib","fullModuleName":"net.finmath:finmath-lib"}}
09:59:39.739 [INFO]   [Checking]    out: [INFO] ------------------------------------------------------------------------
09:59:39.739 [INFO]   [Checking]    out: [INFO] BUILD SUCCESS
09:59:39.739 [INFO]   [Checking]    out: [INFO] ------------------------------------------------------------------------
09:59:39.739 [INFO]   [Checking]    out: [INFO] Total time:  1.316 s
09:59:39.740 [INFO]   [Checking]    out: [INFO] Finished at: 2025-09-26T09:59:39Z
09:59:39.740 [INFO]   [Checking]    out: [INFO] ------------------------------------------------------------------------
09:59:39.740 [INFO]   [Checking]    deserializing line [DIFFBLUE]{"__type":"com.diffblue.cover.buildsystem.model.ProjectInfoMessage","projectName":"net.finmath:finmath-lib","productionSources":["/home/ubuntu/IdeaProjects/finmath-lib/finmath-lib/src/main/java"],"testSources":["/home/ubuntu/IdeaProjects/finmath-lib/finmath-lib/src/test/java"],"location":"/home/ubuntu/IdeaProjects/finmath-lib/finmath-lib"}
09:59:39.749 [INFO]   [Checking]    maven:err process not stopped, joining thread
09:59:39.749 [INFO]   [Checking]    maven:out process not stopped, joining thread
09:59:39.750 [INFO]   [Checking]    Deserializing project module message
09:59:39.750 [INFO]   [Checking]    deserializing line [DIFFBLUE]{"__type":"com.diffblue.cover.buildsystem.model.DefaultEventMessage","project":"net.finmath:finmath-lib","goal":"build-classpath","cause":null,"state":"STARTED"}
09:59:39.754 [INFO]   [Checking]    deserializing line [DIFFBLUE]{"__type":"com.diffblue.cover.buildsystem.model.DefaultEventMessage","project":"net.finmath:finmath-lib","goal":"build-classpath","cause":null,"state":"SUCCESS"}
09:59:39.757 [INFO]   [Checking]    deserializing line [DIFFBLUE]{"__type":"com.diffblue.cover.buildsystem.model.DefaultProjectModuleMessage","project":{"__type":"DefaultProjectModule","junitReport":["/home/ubuntu/IdeaProjects/finmath-lib/finmath-lib/target/surefire-reports"],"jacocoReport":["/home/ubuntu/IdeaProjects/finmath-lib/finmath-lib/target/site/jacoco/jacoco.xml"],"jacocoDestFile":["/home/ubuntu/IdeaProjects/finmath-lib/finmath-lib/target/jacoco.exec"],"jacocoFormats":["xml"],"jacocoSkipped":false,"classpath":["/home/ubuntu/IdeaProjects/finmath-lib/finmath-lib/target/classes","/home/ubuntu/.m2/repository/org/apache/commons/commons-math3/3.6.1/commons-math3-3.6.1.jar","/home/ubuntu/.m2/repository/org/apache/commons/commons-lang3/3.10/commons-lang3-3.10.jar","/home/ubuntu/.m2/repository/com/diffblue/cover/cover-annotations/1.6.0/cover-annotations-1.6.0.jar","/home/ubuntu/.m2/repository/org/jblas/jblas/1.2.4/jblas-1.2.4.jar","/home/ubuntu/.m2/repository/org/junit/jupiter/junit-jupiter-api/5.12.2/junit-jupiter-api-5.12.2.jar","/home/ubuntu/.m2/repository/org/opentest4j/opentest4j/1.3.0/opentest4j-1.3.0.jar","/home/ubuntu/.m2/repository/org/junit/platform/junit-platform-commons/1.12.2/junit-platform-commons-1.12.2.jar","/home/ubuntu/.m2/repository/org/apiguardian/apiguardian-api/1.1.2/apiguardian-api-1.1.2.jar","/home/ubuntu/.m2/repository/org/junit/jupiter/junit-jupiter-engine/5.12.2/junit-jupiter-engine-5.12.2.jar","/home/ubuntu/.m2/repository/org/junit/platform/junit-platform-engine/1.12.2/junit-platform-engine-1.12.2.jar","/home/ubuntu/.m2/repository/org/junit/platform/junit-platform-launcher/1.12.2/junit-platform-launcher-1.12.2.jar","/home/ubuntu/.m2/repository/org/junit/vintage/junit-vintage-engine/5.12.2/junit-vintage-engine-5.12.2.jar","/home/ubuntu/.m2/repository/junit/junit/4.13.2/junit-4.13.2.jar","/home/ubuntu/.m2/repository/org/hamcrest/hamcrest-core/1.3/hamcrest-core-1.3.jar","/home/ubuntu/.m2/repository/org/mockito/mockito-junit-jupiter/5.17.0/mockito-junit-jupiter-5.17.0.jar","/home/ubuntu/.m2/repository/org/mockito/mockito-core/5.17.0/mockito-core-5.17.0.jar","/home/ubuntu/.m2/repository/net/bytebuddy/byte-buddy/1.15.11/byte-buddy-1.15.11.jar","/home/ubuntu/.m2/repository/net/bytebuddy/byte-buddy-agent/1.15.11/byte-buddy-agent-1.15.11.jar","/home/ubuntu/.m2/repository/org/objenesis/objenesis/3.3/objenesis-3.3.jar","/home/ubuntu/.m2/repository/org/jacoco/jacoco-maven-plugin/0.8.7/jacoco-maven-plugin-0.8.7.jar","/home/ubuntu/.m2/repository/org/apache/maven/maven-plugin-api/3.0/maven-plugin-api-3.0.jar","/home/ubuntu/.m2/repository/org/apache/maven/maven-model/3.0/maven-model-3.0.jar","/home/ubuntu/.m2/repository/org/apache/maven/maven-artifact/3.0/maven-artifact-3.0.jar","/home/ubuntu/.m2/repository/org/sonatype/sisu/sisu-inject-plexus/1.4.2/sisu-inject-plexus-1.4.2.jar","/home/ubuntu/.m2/repository/org/sonatype/sisu/sisu-inject-bean/1.4.2/sisu-inject-bean-1.4.2.jar","/home/ubuntu/.m2/repository/org/sonatype/sisu/sisu-guice/2.1.7/sisu-guice-2.1.7-noaop.jar","/home/ubuntu/.m2/repository/org/apache/maven/maven-core/3.0/maven-core-3.0.jar","/home/ubuntu/.m2/repository/org/apache/maven/maven-settings/3.0/maven-settings-3.0.jar","/home/ubuntu/.m2/repository/org/apache/maven/maven-settings-builder/3.0/maven-settings-builder-3.0.jar","/home/ubuntu/.m2/repository/org/apache/maven/maven-repository-metadata/3.0/maven-repository-metadata-3.0.jar","/home/ubuntu/.m2/repository/org/apache/maven/maven-model-builder/3.0/maven-model-builder-3.0.jar","/home/ubuntu/.m2/repository/org/apache/maven/maven-aether-provider/3.0/maven-aether-provider-3.0.jar","/home/ubuntu/.m2/repository/org/sonatype/aether/aether-impl/1.7/aether-impl-1.7.jar","/home/ubuntu/.m2/repository/org/sonatype/aether/aether-spi/1.7/aether-spi-1.7.jar","/home/ubuntu/.m2/repository/org/sonatype/aether/aether-api/1.7/aether-api-1.7.jar","/home/ubuntu/.m2/repository/org/sonatype/aether/aether-util/1.7/aether-util-1.7.jar","/home/ubuntu/.m2/repository/org/codehaus/plexus/plexus-interpolation/1.14/plexus-interpolation-1.14.jar","/home/ubuntu/.m2/repository/org/codehaus/plexus/plexus-classworlds/2.2.3/plexus-classworlds-2.2.3.jar","/home/ubuntu/.m2/repository/org/codehaus/plexus/plexus-component-annotations/1.5.5/plexus-component-annotations-1.5.5.jar","/home/ubuntu/.m2/repository/org/sonatype/plexus/plexus-sec-dispatcher/1.3/plexus-sec-dispatcher-1.3.jar","/home/ubuntu/.m2/repository/org/sonatype/plexus/plexus-cipher/1.4/plexus-cipher-1.4.jar","/home/ubuntu/.m2/repository/org/codehaus/plexus/plexus-utils/3.0.22/plexus-utils-3.0.22.jar","/home/ubuntu/.m2/repository/org/apache/maven/shared/file-management/1.2.1/file-management-1.2.1.jar","/home/ubuntu/.m2/repository/org/apache/maven/shared/maven-shared-io/1.1/maven-shared-io-1.1.jar","/home/ubuntu/.m2/repository/org/apache/maven/maven-artifact-manager/2.0.2/maven-artifact-manager-2.0.2.jar","/home/ubuntu/.m2/repository/org/apache/maven/wagon/wagon-provider-api/1.0-alpha-6/wagon-provider-api-1.0-alpha-6.jar","/home/ubuntu/.m2/repository/org/codehaus/plexus/plexus-container-default/1.0-alpha-9/plexus-container-default-1.0-alpha-9.jar","/home/ubuntu/.m2/repository/classworlds/classworlds/1.1-alpha-2/classworlds-1.1-alpha-2.jar","/home/ubuntu/.m2/repository/org/apache/maven/reporting/maven-reporting-api/3.0/maven-reporting-api-3.0.jar","/home/ubuntu/.m2/repository/org/apache/maven/doxia/doxia-sink-api/1.0/doxia-sink-api-1.0.jar","/home/ubuntu/.m2/repository/org/jacoco/org.jacoco.agent/0.8.7/org.jacoco.agent-0.8.7-runtime.jar","/home/ubuntu/.m2/repository/org/jacoco/org.jacoco.core/0.8.7/org.jacoco.core-0.8.7.jar","/home/ubuntu/.m2/repository/org/ow2/asm/asm/9.1/asm-9.1.jar","/home/ubuntu/.m2/repository/org/ow2/asm/asm-commons/9.1/asm-commons-9.1.jar","/home/ubuntu/.m2/repository/org/ow2/asm/asm-analysis/9.1/asm-analysis-9.1.jar","/home/ubuntu/.m2/repository/org/ow2/asm/asm-tree/9.1/asm-tree-9.1.jar","/home/ubuntu/.m2/repository/org/jacoco/org.jacoco.report/0.8.7/org.jacoco.report-0.8.7.jar"],"complianceLevel":"11","productionSources":["/home/ubuntu/IdeaProjects/finmath-lib/finmath-lib/src/main/java"],"testSources":["/home/ubuntu/IdeaProjects/finmath-lib/finmath-lib/src/test/java"],"productionClasses":"/home/ubuntu/IdeaProjects/finmath-lib/finmath-lib/target/classes","testClasses":"/home/ubuntu/IdeaProjects/finmath-lib/finmath-lib/target/test-classes","sourceToBuildPathMap":null,"testSourceToBuildPathMap":null,"buildDirectory":"/home/ubuntu/IdeaProjects/finmath-lib/finmath-lib/target","plugins":[{"__type":"DefaultPlugin","groupId":"org.apache.maven.plugins","artefactId":"maven-enforcer-plugin","version":"1.0","pluginClassName":null},{"__type":"DefaultPlugin","groupId":"org.apache.maven.plugins","artefactId":"maven-compiler-plugin","version":"3.8.1","pluginClassName":null},{"__type":"DefaultPlugin","groupId":"org.apache.maven.plugins","artefactId":"maven-source-plugin","version":"3.2.1","pluginClassName":null},{"__type":"DefaultPlugin","groupId":"org.apache.maven.plugins","artefactId":"maven-javadoc-plugin","version":"3.3.2","pluginClassName":null},{"__type":"DefaultPlugin","groupId":"org.apache.maven.plugins","artefactId":"maven-surefire-plugin","version":"3.0.0-M7","pluginClassName":null},{"__type":"DefaultPlugin","groupId":"org.apache.maven.plugins","artefactId":"maven-checkstyle-plugin","version":"3.1.1","pluginClassName":null},{"__type":"DefaultPlugin","groupId":"org.apache.maven.plugins","artefactId":"maven-release-plugin","version":"2.5.3","pluginClassName":null},{"__type":"DefaultPlugin","groupId":"org.apache.maven.plugins","artefactId":"maven-site-plugin","version":"3.9.1","pluginClassName":null},{"__type":"DefaultPlugin","groupId":"org.apache.maven.plugins","artefactId":"maven-scm-publish-plugin","version":"3.1.0","pluginClassName":null},{"__type":"DefaultPlugin","groupId":"org.codehaus.mojo","artefactId":"buildnumber-maven-plugin","version":"1.4","pluginClassName":null},{"__type":"DefaultPlugin","groupId":"org.openclover","artefactId":"clover-maven-plugin","version":"4.4.1","pluginClassName":null},{"__type":"DefaultPlugin","groupId":"biz.aQute.bnd","artefactId":"bnd-maven-plugin","version":"5.3.0","pluginClassName":null},{"__type":"DefaultPlugin","groupId":"org.apache.maven.plugins","artefactId":"maven-jar-plugin","version":"3.2.0","pluginClassName":null},{"__type":"DefaultPlugin","groupId":"org.jacoco","artefactId":"jacoco-maven-plugin","version":"0.8.7","pluginClassName":null},{"__type":"DefaultPlugin","groupId":"org.apache.maven.plugins","artefactId":"maven-clean-plugin","version":"2.5","pluginClassName":null},{"__type":"DefaultPlugin","groupId":"org.apache.maven.plugins","artefactId":"maven-resources-plugin","version":"2.6","pluginClassName":null},{"__type":"DefaultPlugin","groupId":"org.apache.maven.plugins","artefactId":"maven-install-plugin","version":"2.4","pluginClassName":null},{"__type":"DefaultPlugin","groupId":"org.apache.maven.plugins","artefactId":"maven-deploy-plugin","version":"2.7","pluginClassName":null}],"version":"3.8.7","encoding":"UTF-8","name":"maven","subModules":[],"simpleModuleName":null,"parentModuleName":"org.sonatype.oss:oss-parent","location":"/home/ubuntu/IdeaProjects/finmath-lib/finmath-lib","fullModuleName":"net.finmath:finmath-lib"}}
09:59:39.768 [INFO]   [Checking]    deserializing line [DIFFBLUE]{"__type":"com.diffblue.cover.buildsystem.model.ProjectInfoMessage","projectName":"net.finmath:finmath-lib","productionSources":["/home/ubuntu/IdeaProjects/finmath-lib/finmath-lib/src/main/java"],"testSources":["/home/ubuntu/IdeaProjects/finmath-lib/finmath-lib/src/test/java"],"location":"/home/ubuntu/IdeaProjects/finmath-lib/finmath-lib"}
09:59:39.771 [INFO]   [Checking]    Found 1 ProjectModuleMessages (ignoring buildSrc projects)
09:59:39.772 [INFO]   [Checking]    Found module net.finmath:finmath-lib in the working directory /home/ubuntu/IdeaProjects/finmath-lib/finmath-lib
09:59:39.772 [INFO]   [Checking]    deserialized project module is present? true
09:59:39.774 [INFO]   [Checking]    Operating System: Linux amd64 6.14.0-1012-aws
09:59:39.774 [INFO]   [Checking]    Default charset: UTF-8
09:59:39.774 [INFO]   [Checking]    Default locale: en
09:59:39.774 [INFO]   [Checking]    Default time zone: Etc/UTC
09:59:39.787 [INFO]   [Checking]    Discovered modules:
09:59:39.787 [INFO]   [Checking]    - net.finmath:finmath-lib
09:59:39.787 [INFO]   [Checking]    
09:59:39.792 [INFO]   [Checking]    
09:59:39.793 [INFO]   [Checking]    [1/1] Creating tests for module: net.finmath:finmath-lib
09:59:39.793 [INFO]   [Checking]    ========================================================
09:59:39.793 [INFO]   [Checking]    
09:59:39.793 [INFO]   [Checking]    Detecting environment:
09:59:39.793 [INFO]   [Checking]    ----------------------
09:59:39.873 [INFO]   [Checking]    Detected Java version 17.0.16
09:59:39.875 [INFO]   [Checking]    Maven Using ${maven.home} of: /usr/share/maven.
09:59:39.875 [INFO]   [Checking]    Maven Executing: /bin/sh -c cd /home/ubuntu/IdeaProjects/finmath-lib/finmath-lib && /usr/share/maven/bin/mvn -B -version
09:59:40.065 [INFO]   [Checking]    Standard output of build tool (Maven)
09:59:40.065 [INFO]   [Checking]    > Apache Maven 3.8.7
09:59:40.065 [INFO]   [Checking]    > Maven home: /usr/share/maven
09:59:40.065 [INFO]   [Checking]    > Java version: 17.0.16, vendor: Microsoft, runtime: /home/ubuntu/.jdks/ms-17.0.16
09:59:40.065 [INFO]   [Checking]    > Default locale: en, platform encoding: UTF-8
09:59:40.065 [INFO]   [Checking]    > OS name: "linux", version: "6.14.0-1012-aws", arch: "amd64", family: "unix"
09:59:40.066 [INFO]   [Checking]    Detected build system: Maven
09:59:40.066 [INFO]   [Checking]    Operating System: Linux amd64 6.14.0-1012-aws
09:59:40.066 [INFO]   [Checking]    Default charset: UTF-8
09:59:40.067 [INFO]   [Checking]    Default locale: en
09:59:40.067 [INFO]   [Checking]    Default time zone: Etc/UTC
09:59:40.069 [INFO]   [Checking]    Selected build system: Maven
09:59:40.088 [INFO]   [Checking]    Selected classpath from build system maven
09:59:40.091 [INFO]   [Checking]    Expanded classpath: 
/home/ubuntu/IdeaProjects/finmath-lib/finmath-lib/target/test-classes (does not exist) (test build path)
/home/ubuntu/IdeaProjects/finmath-lib/finmath-lib/target/classes (does not exist) (code under test)
/home/ubuntu/.m2/repository/org/apache/commons/commons-math3/3.6.1/commons-math3-3.6.1.jar
/home/ubuntu/.m2/repository/org/apache/commons/commons-lang3/3.10/commons-lang3-3.10.jar
/home/ubuntu/.m2/repository/com/diffblue/cover/cover-annotations/1.6.0/cover-annotations-1.6.0.jar
/home/ubuntu/.m2/repository/org/jblas/jblas/1.2.4/jblas-1.2.4.jar
/home/ubuntu/.m2/repository/org/junit/jupiter/junit-jupiter-api/5.12.2/junit-jupiter-api-5.12.2.jar
/home/ubuntu/.m2/repository/org/opentest4j/opentest4j/1.3.0/opentest4j-1.3.0.jar
/home/ubuntu/.m2/repository/org/junit/platform/junit-platform-commons/1.12.2/junit-platform-commons-1.12.2.jar
/home/ubuntu/.m2/repository/org/apiguardian/apiguardian-api/1.1.2/apiguardian-api-1.1.2.jar
/home/ubuntu/.m2/repository/org/junit/jupiter/junit-jupiter-engine/5.12.2/junit-jupiter-engine-5.12.2.jar
/home/ubuntu/.m2/repository/org/junit/platform/junit-platform-engine/1.12.2/junit-platform-engine-1.12.2.jar
/home/ubuntu/.m2/repository/org/junit/platform/junit-platform-launcher/1.12.2/junit-platform-launcher-1.12.2.jar
/home/ubuntu/.m2/repository/org/junit/vintage/junit-vintage-engine/5.12.2/junit-vintage-engine-5.12.2.jar
/home/ubuntu/.m2/repository/junit/junit/4.13.2/junit-4.13.2.jar
/home/ubuntu/.m2/repository/org/hamcrest/hamcrest-core/1.3/hamcrest-core-1.3.jar
/home/ubuntu/.m2/repository/org/mockito/mockito-junit-jupiter/5.17.0/mockito-junit-jupiter-5.17.0.jar
/home/ubuntu/.m2/repository/org/mockito/mockito-core/5.17.0/mockito-core-5.17.0.jar
/home/ubuntu/.m2/repository/net/bytebuddy/byte-buddy/1.15.11/byte-buddy-1.15.11.jar
/home/ubuntu/.m2/repository/net/bytebuddy/byte-buddy-agent/1.15.11/byte-buddy-agent-1.15.11.jar
/home/ubuntu/.m2/repository/org/objenesis/objenesis/3.3/objenesis-3.3.jar
/home/ubuntu/.m2/repository/org/jacoco/jacoco-maven-plugin/0.8.7/jacoco-maven-plugin-0.8.7.jar
/home/ubuntu/.m2/repository/org/apache/maven/maven-plugin-api/3.0/maven-plugin-api-3.0.jar
/home/ubuntu/.m2/repository/org/apache/maven/maven-model/3.0/maven-model-3.0.jar
/home/ubuntu/.m2/repository/org/apache/maven/maven-artifact/3.0/maven-artifact-3.0.jar
/home/ubuntu/.m2/repository/org/sonatype/sisu/sisu-inject-plexus/1.4.2/sisu-inject-plexus-1.4.2.jar
/home/ubuntu/.m2/repository/org/sonatype/sisu/sisu-inject-bean/1.4.2/sisu-inject-bean-1.4.2.jar
/home/ubuntu/.m2/repository/org/sonatype/sisu/sisu-guice/2.1.7/sisu-guice-2.1.7-noaop.jar
/home/ubuntu/.m2/repository/org/apache/maven/maven-core/3.0/maven-core-3.0.jar
/home/ubuntu/.m2/repository/org/apache/maven/maven-settings/3.0/maven-settings-3.0.jar
/home/ubuntu/.m2/repository/org/apache/maven/maven-settings-builder/3.0/maven-settings-builder-3.0.jar
/home/ubuntu/.m2/repository/org/apache/maven/maven-repository-metadata/3.0/maven-repository-metadata-3.0.jar
/home/ubuntu/.m2/repository/org/apache/maven/maven-model-builder/3.0/maven-model-builder-3.0.jar
/home/ubuntu/.m2/repository/org/apache/maven/maven-aether-provider/3.0/maven-aether-provider-3.0.jar
/home/ubuntu/.m2/repository/org/sonatype/aether/aether-impl/1.7/aether-impl-1.7.jar
/home/ubuntu/.m2/repository/org/sonatype/aether/aether-spi/1.7/aether-spi-1.7.jar
/home/ubuntu/.m2/repository/org/sonatype/aether/aether-api/1.7/aether-api-1.7.jar
/home/ubuntu/.m2/repository/org/sonatype/aether/aether-util/1.7/aether-util-1.7.jar
/home/ubuntu/.m2/repository/org/codehaus/plexus/plexus-interpolation/1.14/plexus-interpolation-1.14.jar
/home/ubuntu/.m2/repository/org/codehaus/plexus/plexus-classworlds/2.2.3/plexus-classworlds-2.2.3.jar
/home/ubuntu/.m2/repository/org/codehaus/plexus/plexus-component-annotations/1.5.5/plexus-component-annotations-1.5.5.jar
/home/ubuntu/.m2/repository/org/sonatype/plexus/plexus-sec-dispatcher/1.3/plexus-sec-dispatcher-1.3.jar
/home/ubuntu/.m2/repository/org/sonatype/plexus/plexus-cipher/1.4/plexus-cipher-1.4.jar
/home/ubuntu/.m2/repository/org/codehaus/plexus/plexus-utils/3.0.22/plexus-utils-3.0.22.jar
/home/ubuntu/.m2/repository/org/apache/maven/shared/file-management/1.2.1/file-management-1.2.1.jar
/home/ubuntu/.m2/repository/org/apache/maven/shared/maven-shared-io/1.1/maven-shared-io-1.1.jar
/home/ubuntu/.m2/repository/org/apache/maven/maven-artifact-manager/2.0.2/maven-artifact-manager-2.0.2.jar
/home/ubuntu/.m2/repository/org/apache/maven/wagon/wagon-provider-api/1.0-alpha-6/wagon-provider-api-1.0-alpha-6.jar
/home/ubuntu/.m2/repository/org/codehaus/plexus/plexus-container-default/1.0-alpha-9/plexus-container-default-1.0-alpha-9.jar
/home/ubuntu/.m2/repository/classworlds/classworlds/1.1-alpha-2/classworlds-1.1-alpha-2.jar
/home/ubuntu/.m2/repository/org/apache/maven/reporting/maven-reporting-api/3.0/maven-reporting-api-3.0.jar
/home/ubuntu/.m2/repository/org/apache/maven/doxia/doxia-sink-api/1.0/doxia-sink-api-1.0.jar
/home/ubuntu/.m2/repository/org/jacoco/org.jacoco.agent/0.8.7/org.jacoco.agent-0.8.7-runtime.jar
/home/ubuntu/.m2/repository/org/jacoco/org.jacoco.core/0.8.7/org.jacoco.core-0.8.7.jar
/home/ubuntu/.m2/repository/org/ow2/asm/asm/9.1/asm-9.1.jar
/home/ubuntu/.m2/repository/org/ow2/asm/asm-commons/9.1/asm-commons-9.1.jar
/home/ubuntu/.m2/repository/org/ow2/asm/asm-analysis/9.1/asm-analysis-9.1.jar
/home/ubuntu/.m2/repository/org/ow2/asm/asm-tree/9.1/asm-tree-9.1.jar
/home/ubuntu/.m2/repository/org/jacoco/org.jacoco.report/0.8.7/org.jacoco.report-0.8.7.jar
09:59:40.115 [INFO]   [Checking]    Detected test framework: JUnit 4.13.2
09:59:40.120 [INFO]   [Checking]    Detected test framework: JUnit Jupiter API 5.12.2
09:59:40.125 [INFO]   [Checking]    Detected JUnit Jupiter Engine version 5.12.2
09:59:40.151 [INFO]   [Checking]    Detected JUnit Vintage Engine version 5.12.2
09:59:40.157 [INFO]   [Checking]    Detected Mockito Core version 5.17.0
09:59:40.595 [INFO]   [Checking]    Indexing...
09:59:41.205 [INFO]   [Checking]    Selected test output directory: /home/ubuntu/IdeaProjects/finmath-lib/finmath-lib/src/test/java
09:59:41.267 [INFO]   [Checking]    Detected Guice Framework version 2.1.7
09:59:41.276 [INFO]   [Checking]    Detected Hamcrest Core version 1.3
09:59:41.458 [INFO]   [Checking]    Detected JVM architecture: 64-Bit
09:59:41.489 [INFO]   [Checking]    Detected Cover Annotations version 1.6.0
09:59:41.615 [INFO]   [Checking]    Selected Java language compliance level: 11
09:59:41.851 [ERROR]  [Checking]    E054: No class files found
Diffblue Cover could not find any .class files for your project. This
usually means that your project has not yet been compiled.
Please run `mvn install` from the root of your project to ensure the project
is compiled, and all tests pass.
Depending on your project setup, additional configuration may be required.
See https://diff.blue/E054 for further information on how to compile your
project and configure Diffblue Cover for validating your tests.
If this is a sub module you wish to exclude, use the `--exclude-modules`
argument to exclude this module.
If you have customized your build system configuration for Diffblue Cover,
refer to the guidelines here:
https://docs.diffblue.com/features/cover-cli/project-configuration/configuring-cover-to-work-with-your-projects-build-system/
09:59:41.867 [WARN]   [Checking]    E004: No methods found to test
Please ensure the project has been built, that any specified entry points
exist, and that the patch (if given) is valid.
See https://diff.blue/E004 to resolve this issue.
09:59:41.909 [INFO]   [Reporting]   
09:59:41.909 [INFO]   [Reporting]   Environment summary for module: net.finmath:finmath-lib
09:59:41.910 [INFO]   [Reporting]   -------------------------------------------------------
09:59:41.910 [INFO]   [Reporting]   Java version                   17.0.16                       SUCCESS        
09:59:41.910 [INFO]   [Reporting]   Build system                   Maven                         SUCCESS        
09:59:41.910 [INFO]   [Reporting]   Mocking Framework              Mockito Core 5.17.0           SUCCESS        
09:59:41.910 [INFO]   [Reporting]   Surefire version               3.0.0-M7                      SUCCESS        
09:59:41.910 [INFO]   [Reporting]   JavaEE version                 Skipped                       -----          
09:59:41.910 [INFO]   [Reporting]   OSGi Annotations               Not Detected                  -----          
09:59:41.910 [INFO]   [Reporting]   Javax WS RS API                Not Detected                  -----          
09:59:41.910 [INFO]   [Reporting]   Jakarta RESTful WS API         Not Detected                  -----          
09:59:41.910 [INFO]   [Reporting]   Jersey Server                  Not Detected                  -----          
09:59:41.911 [INFO]   [Reporting]   Jersey Test Framework          Not Detected                  -----          
09:59:41.911 [INFO]   [Reporting]   Jersey Test Provider InMemory  Not Detected                  -----          
09:59:41.911 [INFO]   [Reporting]   Guice Framework                2.1.7                         SUCCESS        
09:59:41.911 [INFO]   [Reporting]   Spring Core                    Not Detected                  -----          
09:59:41.911 [INFO]   [Reporting]   JaCoCo plugin version          0.8.7                         SUCCESS        
09:59:41.911 [INFO]   [Reporting]   Quarkus                        Not Detected                  -----          
09:59:41.911 [INFO]   [Reporting]   Spring Boot                    Skipped                       -----          
09:59:41.911 [INFO]   [Reporting]   Spring Boot Starter Webflux    Skipped                       -----          
09:59:41.911 [INFO]   [Reporting]   Spring Boot Test Autoconfigure Skipped                       -----          
09:59:41.911 [INFO]   [Reporting]   Spring Boot Test               Skipped                       -----          
09:59:41.911 [INFO]   [Reporting]   Spring Web                     Skipped                       -----          
09:59:41.911 [INFO]   [Reporting]   Spring Security Web            Skipped                       -----          
09:59:41.911 [INFO]   [Reporting]   Spring Test                    Skipped                       -----          
09:59:41.911 [INFO]   [Reporting]   Class files                                                  ERROR          
09:59:41.911 [INFO]   [Reporting]   Methods to test                                              WARNING        
09:59:41.911 [INFO]   [Reporting]   
09:59:41.912 [INFO]   [Reporting]   Environment check status: ERROR
09:59:42.077 [INFO]   [Reporting]   
09:59:42.078 [ERROR]  [Reporting]   One or more errors and warnings were logged, please review them in the log file
09:59:42.078 [INFO]   [Reporting]   Log file: /home/ubuntu/IdeaProjects/finmath-lib/finmath-lib/.diffblue/log/user-20250926T095930.log
09:59:42.079 [INFO]   [Reporting]   Finished in 12s
